// Jest Snapshot v1, https://goo.gl/fbAQLP

exports[`it should render the app properly renders correctly 1`] = `
<View
  style={
    Object {
      "flex": 1,
    }
  }
>
  <View
    appearance="default"
    level="1"
    style={
      Array [
        Object {
          "backgroundColor": "#FFFFFF",
        },
        Object {
          "flex": 1,
        },
      ]
    }
  />
</View>
`;

exports[`it works renders correctly 1`] = `
<View
  style={
    Object {
      "flex": 1,
    }
  }
>
  <View
    appearance="default"
    level="1"
    style={
      Array [
        Object {
          "backgroundColor": "#FFFFFF",
        },
        Object {
          "flex": 1,
        },
      ]
    }
  />
</View>
`;
